// Jest Snapshot v1, https://goo.gl/fbAQLP

exports[`expects Searchbox to render correctly 1`] = `
ShallowWrapper {
  Symbol(enzyme.__root__): [Circular],
  Symbol(enzyme.__unrendered__): <Searchbox
    searchange={[MockFunction]}
  />,
  Symbol(enzyme.__renderer__): Object {
    "batchedUpdates": [Function],
    "checkPropTypes": [Function],
    "getNode": [Function],
    "render": [Function],
    "simulateError": [Function],
    "simulateEvent": [Function],
    "unmount": [Function],
  },
  Symbol(enzyme.__node__): Object {
    "instance": null,
    "key": undefined,
    "nodeType": "host",
    "props": Object {
      "children": <label
        for="search"
      >
        <input
          aria-label="Search"
          className="pa3 ba b--blue bg-light-yellow"
          id="search"
          placeholder="Search robots..."
          type="search"
        />
      </label>,
      "className": "pa2",
    },
    "ref": null,
    "rendered": Object {
      "instance": null,
      "key": undefined,
      "nodeType": "host",
      "props": Object {
        "children": <input
          aria-label="Search"
          className="pa3 ba b--blue bg-light-yellow"
          id="search"
          placeholder="Search robots..."
          type="search"
        />,
        "for": "search",
      },
      "ref": null,
      "rendered": Object {
        "instance": null,
        "key": undefined,
        "nodeType": "host",
        "props": Object {
          "aria-label": "Search",
          "className": "pa3 ba b--blue bg-light-yellow",
          "id": "search",
          "onChange": undefined,
          "placeholder": "Search robots...",
          "type": "search",
        },
        "ref": null,
        "rendered": null,
        "type": "input",
      },
      "type": "label",
    },
    "type": "div",
  },
  Symbol(enzyme.__nodes__): Array [
    Object {
      "instance": null,
      "key": undefined,
      "nodeType": "host",
      "props": Object {
        "children": <label
          for="search"
        >
          <input
            aria-label="Search"
            className="pa3 ba b--blue bg-light-yellow"
            id="search"
            placeholder="Search robots..."
            type="search"
          />
        </label>,
        "className": "pa2",
      },
      "ref": null,
      "rendered": Object {
        "instance": null,
        "key": undefined,
        "nodeType": "host",
        "props": Object {
          "children": <input
            aria-label="Search"
            className="pa3 ba b--blue bg-light-yellow"
            id="search"
            placeholder="Search robots..."
            type="search"
          />,
          "for": "search",
        },
        "ref": null,
        "rendered": Object {
          "instance": null,
          "key": undefined,
          "nodeType": "host",
          "props": Object {
            "aria-label": "Search",
            "className": "pa3 ba b--blue bg-light-yellow",
            "id": "search",
            "onChange": undefined,
            "placeholder": "Search robots...",
            "type": "search",
          },
          "ref": null,
          "rendered": null,
          "type": "input",
        },
        "type": "label",
      },
      "type": "div",
    },
  ],
  Symbol(enzyme.__options__): Object {
    "adapter": ReactSixteenAdapter {
      "options": Object {
        "enableComponentDidUpdateOnSetState": true,
        "legacyContextMode": "parent",
        "lifecycles": Object {
          "componentDidUpdate": Object {
            "onSetState": true,
          },
          "getChildContext": Object {
            "calledByRenderer": false,
          },
          "getDerivedStateFromProps": true,
          "getSnapshotBeforeUpdate": true,
          "setState": Object {
            "skipsComponentDidUpdateOnNullish": true,
          },
        },
      },
    },
  },
}
`;
